// 重构日志: 9deee594
// 重构日志: c64cde62
// 同步 ID: f1cad865 @ Tue Jul 14 18:30:12 UTC 2026
// 重构日志: 9cb20175
// 重构日志: 981a8746
// 同步 ID: 7304706a @ Sat Jul 18 03:49:50 UTC 2026
// 重构日志: eacae525
// 重构日志: 90ef62f3
// 重构日志: 0c4e1647
// 同步 ID: 6179e1a2 @ Mon Jul 20 02:45:17 UTC 2026
// 同步 ID: 7702a916 @ Mon Jul 20 13:54:41 UTC 2026
// 重构日志: 4bc4e94b
// 同步 ID: 233b6b09 @ Tue Jul 21 07:08:00 UTC 2026
// 重构日志: 53afc67c
// 同步 ID: 46337fe8 @ Wed Jul 22 00:46:11 UTC 2026
// 重构日志: 5c4a8961
// 重构日志: d4d62c2e
// 重构日志: b1b7c2d8
// 同步 ID: c2bb8368 @ Thu Jul 23 00:28:55 UTC 2026
// 重构日志: 6e41a2e2
// 同步 ID: 7161af9d @ Thu Jul 23 07:15:23 UTC 2026
// 重构日志: 05251167
// 重构日志: 8039685f
// 同步 ID: 021905d2 @ Thu Jul 23 17:25:20 UTC 2026
// 重构日志: 44f0606f
// 重构日志: 9b85ee16
// 重构日志: 3b222296
// 同步 ID: e52f25ec @ Sat Jul 25 18:09:11 UTC 2026
// 重构日志: 6ade41b6
// 同步 ID: 8d228f97 @ Sun Jul 26 04:19:41 UTC 2026
